<?xml version="1.0" encoding="utf-8"?>
<?AutomationStudio Version="4.5.2.102"?>
<Objects>
  <Object
    Path="C:\BUBbI\ZHOPAcopy\Logical\Package.pkg"
    LogicalPath=""
    Type="Package.ParentUnknown"
    LastWriteTime="134037132123608435" />
  <Object
    Path="C:\BUBbI\ZHOPAcopy\Logical\Global.typ"
    LogicalPath="Global.typ"
    Type="File"
    LastWriteTime="134037129689307993"
    Private="false" />
  <Object
    Path="C:\BUBbI\ZHOPAcopy\Logical\Global.var"
    LogicalPath="Global.var"
    Type="File"
    LastWriteTime="134037129689317962"
    Private="false" />
  <Object
    Path="C:\BUBbI\ZHOPAcopy\Logical\Libraries\Package.pkg"
    LogicalPath="Libraries"
    Type="Package"
    LastWriteTime="134037132412041400" />
  <Object
    Path="C:\BUBbI\ZHOPAcopy\Logical\Libraries\operator\binary.lby"
    LogicalPath="Libraries.operator"
    Type="Library"
    LastWriteTime="134037129699081847" />
  <Object
    Path="C:\BUBbI\ZHOPAcopy\Logical\Libraries\operator\operator.fun"
    LogicalPath="Libraries.operator.operator.fun"
    Type="File"
    LastWriteTime="134037129699051922"
    Private="false" />
  <Object
    Path="C:\BUBbI\ZHOPAcopy\Logical\Libraries\operator\operator.typ"
    LogicalPath="Libraries.operator.operator.typ"
    Type="File"
    LastWriteTime="134037129699061901"
    Private="false" />
  <Object
    Path="C:\BUBbI\ZHOPAcopy\Logical\Libraries\operator\operator.var"
    LogicalPath="Libraries.operator.operator.var"
    Type="File"
    LastWriteTime="134037129699081847"
    Private="false" />
  <Object
    Path="C:\BUBbI\ZHOPAcopy\Logical\Libraries\runtime\binary.lby"
    LogicalPath="Libraries.runtime"
    Type="Library"
    LastWriteTime="134037129703500025" />
  <Object
    Path="C:\BUBbI\ZHOPAcopy\Logical\Libraries\runtime\runtime.fun"
    LogicalPath="Libraries.runtime.runtime.fun"
    Type="File"
    LastWriteTime="134037129703460131"
    Private="false" />
  <Object
    Path="C:\BUBbI\ZHOPAcopy\Logical\Libraries\runtime\runtime.typ"
    LogicalPath="Libraries.runtime.runtime.typ"
    Type="File"
    LastWriteTime="134037129703480077"
    Private="false" />
  <Object
    Path="C:\BUBbI\ZHOPAcopy\Logical\Libraries\runtime\runtime.var"
    LogicalPath="Libraries.runtime.runtime.var"
    Type="File"
    LastWriteTime="134037129703490051"
    Private="false" />
  <Object
    Path="C:\BUBbI\ZHOPAcopy\Logical\Libraries\astime\binary.lby"
    LogicalPath="Libraries.astime"
    Type="Library"
    LastWriteTime="134037129707888289" />
  <Object
    Path="C:\BUBbI\ZHOPAcopy\Logical\Libraries\astime\astime.fun"
    LogicalPath="Libraries.astime.astime.fun"
    Type="File"
    LastWriteTime="134037129707848392"
    Private="false" />
  <Object
    Path="C:\BUBbI\ZHOPAcopy\Logical\Libraries\astime\astime.typ"
    LogicalPath="Libraries.astime.astime.typ"
    Type="File"
    LastWriteTime="134037129707868342"
    Private="false" />
  <Object
    Path="C:\BUBbI\ZHOPAcopy\Logical\Libraries\astime\astime.var"
    LogicalPath="Libraries.astime.astime.var"
    Type="File"
    LastWriteTime="134037129707888289"
    Private="false" />
  <Object
    Path="C:\BUBbI\ZHOPAcopy\Logical\Libraries\AsIecCon\binary.lby"
    LogicalPath="Libraries.AsIecCon"
    Type="Library"
    LastWriteTime="134037129712256597" />
  <Object
    Path="C:\BUBbI\ZHOPAcopy\Logical\Libraries\AsIecCon\AsIecCon.fun"
    LogicalPath="Libraries.AsIecCon.AsIecCon.fun"
    Type="File"
    LastWriteTime="134037129712216708"
    Private="false" />
  <Object
    Path="C:\BUBbI\ZHOPAcopy\Logical\Libraries\AsIecCon\AsIecCon.typ"
    LogicalPath="Libraries.AsIecCon.AsIecCon.typ"
    Type="File"
    LastWriteTime="134037129712236657"
    Private="false" />
  <Object
    Path="C:\BUBbI\ZHOPAcopy\Logical\Libraries\AsIecCon\AsIecCon.var"
    LogicalPath="Libraries.AsIecCon.AsIecCon.var"
    Type="File"
    LastWriteTime="134037129712246626"
    Private="false" />
  <Object
    Path="C:\BUBbI\ZHOPAcopy\Logical\Libraries\Library\ANSIC.lby"
    LogicalPath="Libraries.Library"
    Type="Library"
    LastWriteTime="134037138930435861" />
  <Object
    Path="C:\BUBbI\ZHOPAcopy\Logical\Libraries\Library\Types.typ"
    LogicalPath="Libraries.Library.Types.typ"
    Type="File"
    LastWriteTime="134037132411921724"
    Private="false" />
  <Object
    Path="C:\BUBbI\ZHOPAcopy\Logical\Libraries\Library\Constants.var"
    LogicalPath="Libraries.Library.Constants.var"
    Type="File"
    LastWriteTime="134037132411931697"
    Private="false" />
  <Object
    Path="C:\BUBbI\ZHOPAcopy\Logical\Libraries\Library\Library.fun"
    LogicalPath="Libraries.Library.Library.fun"
    Type="File"
    LastWriteTime="134037139024982933"
    Private="false" />
  <Object
    Path="C:\BUBbI\ZHOPAcopy\Logical\Libraries\Library\FB_Integrator.c"
    LogicalPath="Libraries.Library.FB_Integrator.c"
    Type="File"
    LastWriteTime="134037140218289361"
    Private="false" />
  <Object
    Path="C:\BUBbI\ZHOPAcopy\Logical\Libraries\Library\FB_Motor.c"
    LogicalPath="Libraries.Library.FB_Motor.c"
    Type="File"
    LastWriteTime="134037149249917778"
    Private="false" />
  <Object
    Path="C:\BUBbI\ZHOPAcopy\Logical\Libraries\Library\FB_Regulator.c"
    LogicalPath="Libraries.Library.FB_Regulator.c"
    Type="File"
    LastWriteTime="134037147374389911"
    Private="false" />
  <Object
    Path="C:\BUBbI\ZHOPAcopy\Logical\Program\ANSIC.prg"
    LogicalPath="Program"
    Type="Program"
    LastWriteTime="134037132123588489" />
  <Object
    Path="C:\BUBbI\ZHOPAcopy\Logical\Program\Cyclic.c"
    LogicalPath="Program.Cyclic.c"
    Type="File"
    LastWriteTime="134037945132955806"
    Private="false" />
  <Object
    Path="C:\BUBbI\ZHOPAcopy\Logical\Program\Init.c"
    LogicalPath="Program.Init.c"
    Type="File"
    LastWriteTime="134037945133611513"
    Private="false" />
  <Object
    Path="C:\BUBbI\ZHOPAcopy\Logical\Program\Exit.c"
    LogicalPath="Program.Exit.c"
    Type="File"
    LastWriteTime="134037132123548594"
    Private="false" />
  <Object
    Path="C:\BUBbI\ZHOPAcopy\Logical\Program\Types.typ"
    LogicalPath="Program.Types.typ"
    Type="File"
    LastWriteTime="134037132123568541"
    Private="true" />
  <Object
    Path="C:\BUBbI\ZHOPAcopy\Logical\Program\Variables.var"
    LogicalPath="Program.Variables.var"
    Type="File"
    LastWriteTime="134037152137567170"
    Private="true" />
  <Object
    Path="C:\BUBbI\ZHOPAcopy\Physical\Config1\Config.pkg"
    LogicalPath="Config1"
    Type="Configuration.ParentUnknown"
    LastWriteTime="134037129739643340" />
  <Object
    Path="C:\BUBbI\ZHOPAcopy\Physical\Config1\Hardware.hw"
    LogicalPath="Config1.Hardware.hw"
    Type="File"
    LastWriteTime="134037942954690797"
    Private="false" />
  <Object
    Path="C:\BUBbI\ZHOPAcopy\Physical\Config1\Hardware.hwl"
    LogicalPath="Config1.Hardware.hwl"
    Type="File"
    LastWriteTime="131865063240000000"
    Private="false" />
  <Object
    Path="C:\BUBbI\ZHOPAcopy\Physical\Config1\4PP065_0571_P74\Cpu.pkg"
    LogicalPath="Config1.4PP065_0571_P74"
    Type="Cpu"
    LastWriteTime="134037129714869610" />
  <Object
    Path="C:\BUBbI\ZHOPAcopy\Physical\Config1\4PP065_0571_P74\Cpu.sw"
    LogicalPath="Config1.4PP065_0571_P74.Cpu.sw"
    Type="File"
    LastWriteTime="134037926536527376"
    Private="false" />
  <Object
    Path="C:\BUBbI\ZHOPAcopy\Physical\Config1\4PP065_0571_P74\Cpu.per"
    LogicalPath="Config1.4PP065_0571_P74.Cpu.per"
    Type="File"
    LastWriteTime="134037129714022113"
    Private="false" />
  <Object
    Path="C:\BUBbI\ZHOPAcopy\Physical\Config1\4PP065_0571_P74\IoMap.iom"
    LogicalPath="Config1.4PP065_0571_P74.IoMap.iom"
    Type="File"
    LastWriteTime="134037129714031851"
    Private="false" />
  <Object
    Path="C:\BUBbI\ZHOPAcopy\Physical\Config1\4PP065_0571_P74\PvMap.vvm"
    LogicalPath="Config1.4PP065_0571_P74.PvMap.vvm"
    Type="File"
    LastWriteTime="134037129714051812"
    Private="false" />
  <Object
    Path="C:\BUBbI\ZHOPAcopy\Physical\Config1\4PP065_0571_P74\Connectivity\Package.pkg"
    LogicalPath="Config1.4PP065_0571_P74.Connectivity"
    Type="Package"
    LastWriteTime="134037129714261237" />
  <Object
    Path="C:\BUBbI\ZHOPAcopy\Physical\Config1\4PP065_0571_P74\Connectivity\OpcUA\Package.pkg"
    LogicalPath="Config1.4PP065_0571_P74.Connectivity.OpcUA"
    Type="Package"
    LastWriteTime="134037129714261237" />
  <Object
    Path="C:\BUBbI\ZHOPAcopy\Physical\Config1\4PP065_0571_P74\TextSystem\Package.pkg"
    LogicalPath="Config1.4PP065_0571_P74.TextSystem"
    Type="Package"
    LastWriteTime="134037129714301134" />
  <Object
    Path="C:\BUBbI\ZHOPAcopy\Physical\Config1\4PP065_0571_P74\UnitSystem\Package.pkg"
    LogicalPath="Config1.4PP065_0571_P74.UnitSystem"
    Type="Package"
    LastWriteTime="134037129714331054" />
  <Object
    Path="C:\BUBbI\ZHOPAcopy\Physical\Config1\4PP065_0571_P74\AccessAndSecurity\Package.pkg"
    LogicalPath="Config1.4PP065_0571_P74.AccessAndSecurity"
    Type="Package"
    LastWriteTime="134037129714690089" />
  <Object
    Path="C:\BUBbI\ZHOPAcopy\Physical\Config1\4PP065_0571_P74\AccessAndSecurity\UserRoleSystem\Package.pkg"
    LogicalPath="Config1.4PP065_0571_P74.AccessAndSecurity.UserRoleSystem"
    Type="Package"
    LastWriteTime="134037129714440755" />
  <Object
    Path="C:\BUBbI\ZHOPAcopy\Physical\Config1\4PP065_0571_P74\AccessAndSecurity\UserRoleSystem\Role.role"
    LogicalPath="Config1.4PP065_0571_P74.AccessAndSecurity.UserRoleSystem.Role.role"
    Type="File"
    LastWriteTime="134037129714410842"
    Private="false" />
  <Object
    Path="C:\BUBbI\ZHOPAcopy\Physical\Config1\4PP065_0571_P74\AccessAndSecurity\UserRoleSystem\User.user"
    LogicalPath="Config1.4PP065_0571_P74.AccessAndSecurity.UserRoleSystem.User.user"
    Type="File"
    LastWriteTime="134037129714430787"
    Private="false" />
  <Object
    Path="C:\BUBbI\ZHOPAcopy\Physical\Config1\4PP065_0571_P74\AccessAndSecurity\CertificateStore\Package.pkg"
    LogicalPath="Config1.4PP065_0571_P74.AccessAndSecurity.CertificateStore"
    Type="Package"
    LastWriteTime="134037129714660169" />
  <Object
    Path="C:\BUBbI\ZHOPAcopy\Physical\Config1\4PP065_0571_P74\AccessAndSecurity\CertificateStore\OwnCertificates\Package.pkg"
    LogicalPath="Config1.4PP065_0571_P74.AccessAndSecurity.CertificateStore.OwnCertificates"
    Type="Package"
    LastWriteTime="134037129714540493" />
  <Object
    Path="C:\BUBbI\ZHOPAcopy\Physical\Config1\4PP065_0571_P74\AccessAndSecurity\CertificateStore\OwnCertificates\Certificates\Package.pkg"
    LogicalPath="Config1.4PP065_0571_P74.AccessAndSecurity.CertificateStore.OwnCertificates.Certificates"
    Type="Package"
    LastWriteTime="134037129714510574" />
  <Object
    Path="C:\BUBbI\ZHOPAcopy\Physical\Config1\4PP065_0571_P74\AccessAndSecurity\CertificateStore\OwnCertificates\PrivateKeys\Package.pkg"
    LogicalPath="Config1.4PP065_0571_P74.AccessAndSecurity.CertificateStore.OwnCertificates.PrivateKeys"
    Type="Package"
    LastWriteTime="134037129714540493" />
  <Object
    Path="C:\BUBbI\ZHOPAcopy\Physical\Config1\4PP065_0571_P74\AccessAndSecurity\CertificateStore\ThirdPartyCertificates\Package.pkg"
    LogicalPath="Config1.4PP065_0571_P74.AccessAndSecurity.CertificateStore.ThirdPartyCertificates"
    Type="Package"
    LastWriteTime="134037129714600330" />
  <Object
    Path="C:\BUBbI\ZHOPAcopy\Physical\Config1\4PP065_0571_P74\AccessAndSecurity\CertificateStore\ThirdPartyCertificates\SoftwareCertificates\Package.pkg"
    LogicalPath="Config1.4PP065_0571_P74.AccessAndSecurity.CertificateStore.ThirdPartyCertificates.SoftwareCertificates"
    Type="Package"
    LastWriteTime="134037129714590358" />
  <Object
    Path="C:\BUBbI\ZHOPAcopy\Physical\Config1\4PP065_0571_P74\AccessAndSecurity\CertificateStore\CertificateRevocationLists\Package.pkg"
    LogicalPath="Config1.4PP065_0571_P74.AccessAndSecurity.CertificateStore.CertificateRevocationLists"
    Type="Package"
    LastWriteTime="134037129714620280" />
  <Object
    Path="C:\BUBbI\ZHOPAcopy\Physical\Config1\4PP065_0571_P74\AccessAndSecurity\CertificateStore\CertificateSigningRequests\Package.pkg"
    LogicalPath="Config1.4PP065_0571_P74.AccessAndSecurity.CertificateStore.CertificateSigningRequests"
    Type="Package"
    LastWriteTime="134037129714650203" />
  <Object
    Path="C:\BUBbI\ZHOPAcopy\Physical\Config1\4PP065_0571_P74\AccessAndSecurity\TransportLayerSecurity\Package.pkg"
    LogicalPath="Config1.4PP065_0571_P74.AccessAndSecurity.TransportLayerSecurity"
    Type="Package"
    LastWriteTime="134037129714690089" />
  <Object
    Path="C:\BUBbI\ZHOPAcopy\Physical\Config1\4PP065_0571_P74\mappControl\Package.pkg"
    LogicalPath="Config1.4PP065_0571_P74.mappControl"
    Type="Package"
    LastWriteTime="134037129714729986" />
  <Object
    Path="C:\BUBbI\ZHOPAcopy\Physical\Config1\4PP065_0571_P74\mappMotion\Package.pkg"
    LogicalPath="Config1.4PP065_0571_P74.mappMotion"
    Type="Package"
    LastWriteTime="134037129714759905" />
  <Object
    Path="C:\BUBbI\ZHOPAcopy\Physical\Config1\4PP065_0571_P74\mappServices\Package.pkg"
    LogicalPath="Config1.4PP065_0571_P74.mappServices"
    Type="Package"
    LastWriteTime="134037129714799797" />
  <Object
    Path="C:\BUBbI\ZHOPAcopy\Physical\Config1\4PP065_0571_P74\mappView\Package.pkg"
    LogicalPath="Config1.4PP065_0571_P74.mappView"
    Type="Package"
    LastWriteTime="134037129714829717" />
  <Object
    Path="C:\BUBbI\ZHOPAcopy\Physical\Config1\4PP065_0571_P74\mappCockpit\Package.pkg"
    LogicalPath="Config1.4PP065_0571_P74.mappCockpit"
    Type="Package"
    LastWriteTime="134037129714859638" />
  <Object
    Path="C:\BUBbI\ZHOPAcopy\Physical\Config1\Hardware.jpg"
    LogicalPath="Config1.Hardware.jpg"
    Type="File"
    LastWriteTime="134037919129130849"
    Private="false" />
</Objects>